// Jest Snapshot v1, https://goo.gl/fbAQLP

exports[`createComponentDefinition should create a Svelte component 1`] = `
"
<script>
import { createEventDispatcher, onMount } from 'svelte';

let __ref;
let __mounted = false;

const dispatch = createEventDispatcher();

export let propOne = undefined;
export let propTwo = undefined;
export let propThree = undefined;

export const methodOne = (...args) => __ref.methodOne(...args);
export const methodTwo = (...args) => __ref.methodTwo(...args);
export const methodThree = (...args) => __ref.methodThree(...args);

export const getWebComponent = () => __ref;

onMount(() => { __mounted = true; });

const setProp = (prop, value) => { if (__ref) __ref[prop] = value; };

$: if (__mounted) setProp('propThree', propThree);

const onEvent = (e) => {
  e.stopPropagation();
  dispatch(e.type, e.detail);
};
</script>

<my-component 
  prop-one={propOne}
  prop-two={propTwo}
  on:eventOne={onEvent}
  on:eventTwo={onEvent}
  on:eventThree={onEvent}
  bind:this={__ref}
>
  <slot></slot>
</my-component>
  "
`;
